// Vitest Snapshot v1, https://vitest.dev/guide/snapshot.html

exports[`zone panel > renders actions 1`] = `
"<div class="flex flex-col gap-2" md="gap-3">
  <div class="flex flex-wrap justify-center gap-1" md="gap-2"><button class="rounded px-2 py-1 text-xs bg-primary text-white">Village Paumé</button><button class="rounded px-2 py-1 text-xs bg-gray-200 dark:bg-gray-700">Grotte Sombre</button><button class="rounded px-2 py-1 text-xs bg-gray-200 dark:bg-gray-700">Plaine Verdoyante</button></div>
  <div class="flex flex-col items-center gap-1" md="gap-2"><span class="font-bold">Village Paumé</span><button class="rounded px-2 py-1 text-white bg-cyan-600 dark:bg-cyan-700 hover:bg-cyan-700 dark:hover:bg-cyan-800/80 text-xs">Entrer le Shop</button></div>
</div>
<dialog data-v-b759700c="" class="modal">
  <div data-v-b759700c="" class="modal-content relative"><button data-v-b759700c="" type="button" class="absolute right-2 top-2 h-6 w-6 flex items-center justify-center rounded bg-gray-200 dark:bg-gray-700 hover:bg-gray-300 dark:hover:bg-gray-600"> × </button>
    <div class="h-full flex flex-col">
      <h2 class="mb-2 text-center font-bold"> Boutique </h2>
      <div class="flex flex-col gap-2 overflow-auto">
        <div class="flex items-center gap-2 border rounded bg-white p-2 dark:bg-gray-900"><img src="/items/shlageball/shlageball.png" alt="Shlage Ball" class="h-8 w-8 object-contain">
          <div class="flex flex-1 flex-col text-left"><span class="font-bold">Shlage Ball</span><span class="text-xs">Permet de capturer des Shlagémons sauvages.</span></div><span class="font-bold">10$</span><button class="rounded px-2 py-1 text-white bg-cyan-600 dark:bg-cyan-700 hover:bg-cyan-700 dark:hover:bg-cyan-800/80 ml-2"> Acheter </button>
        </div>
        <div class="flex items-center gap-2 border rounded bg-white p-2 dark:bg-gray-900">
          <!--v-if-->
          <div class="flex flex-1 flex-col text-left"><span class="font-bold">Potion Dégueulasse</span><span class="text-xs">Soigne 50 HP de votre Shlagémon.</span></div><span class="font-bold">5$</span><button class="rounded px-2 py-1 text-white bg-cyan-600 dark:bg-cyan-700 hover:bg-cyan-700 dark:hover:bg-cyan-800/80 ml-2"> Acheter </button>
        </div>
        <div class="flex items-center gap-2 border rounded bg-white p-2 dark:bg-gray-900">
          <!--v-if-->
          <div class="flex flex-1 flex-col text-left"><span class="font-bold">Spray Anti-Odeur</span><span class="text-xs">Augmente temporairement la défense.</span></div><span class="font-bold">7$</span><button class="rounded px-2 py-1 text-white bg-cyan-600 dark:bg-cyan-700 hover:bg-cyan-700 dark:hover:bg-cyan-800/80 ml-2"> Acheter </button>
        </div>
      </div>
    </div>
  </div>
</dialog>"
`;
